[05-10 11:16:14] [AI 去字幕] 已连接: 20.3.2.9 / 20260325_重生后我助老妈做商业女王 / 去字幕测试
[05-10 11:24:16] [AI 去字幕] 已连接: 20.3.2.9 / 20260325_重生后我助老妈做商业女王 / 去字幕测试
[05-10 11:52:36] [AI 去字幕] 已连接: 20.3.2.9 / 20260325_重生后我助老妈做商业女王 / 去字幕测试
[05-10 12:00:02] [AI 去字幕] 已连接: 20.3.2.9 / 20260325_重生后我助老妈做商业女王 / 去字幕测试
[05-10 12:11:45] [AI 去字幕] 已连接: 20.3.2.9 / 20260325_重生后我助老妈做商业女王 / 去字幕测试
[05-10 12:11:49] [AI 去字幕] 批量处理 2 个片段
[05-10 12:11:49] [AI 去字幕] [1/2] 上传: EP02_g1_04_02_v02.mp4
[05-10 12:11:50] [AI 去字幕] [2/2] 上传: EP02_g1_04_03_v02.mp4
[05-10 12:11:51] [AI 去字幕] 上传完成
[05-10 12:11:51] [AI 去字幕] 已提交 2 个任务，等待处理...
[05-10 12:11:52] [AI 去字幕] 进度: 0/2 完成, 2 处理中
[05-10 12:11:57] [AI 去字幕] 进度: 0/2 完成, 2 处理中
[05-10 12:12:05] [AI 去字幕] 进度: 0/2 完成, 2 处理中
[05-10 12:12:16] [AI 去字幕] 进度: 0/2 完成, 2 处理中
[05-10 12:12:34] [AI 去字幕] 进度: 1/2 完成, 1 处理中
[05-10 12:12:59] [AI 去字幕] 批量完成: 2/2 成功, 总耗时 68s
[05-10 12:13:01] [AI 去字幕] ✅ EP02_g1_04_02_v02.mp4 (task_id=517102528)
[05-10 12:13:02] [AI 去字幕] ✅ EP02_g1_04_03_v02.mp4 (task_id=517102529)
[05-10 12:24:43] [AI 去字幕] 已连接: 20.3.2.9 / 20260325_重生后我助老妈做商业女王 / 去字幕测试
[05-10 12:25:30] [AI 去字幕] 已连接: 20.3.2.9 / 20260325_重生后我助老妈做商业女王 / 去字幕测试
[05-10 12:28:42] [AI 去字幕] 已连接: 20.3.2.9 / 20260325_重生后我助老妈做商业女王 / 去字幕测试
[05-10 12:29:32] [AI 去字幕] 已连接: 20.3.2.9 / 20260325_重生后我助老妈做商业女王 / 去字幕测试
[05-10 12:29:49] [AI 去字幕] 已连接: 20.3.2.9 / 20260325_重生后我助老妈做商业女王 / 去字幕测试
[05-10 12:29:54] [AI 去字幕] 批量处理 1 个片段
[05-10 12:29:54] [AI 去字幕] [1/1] 上传: EP02_g1_04_03_v02.mp4
[05-10 12:29:55] [AI 去字幕] 上传完成
[05-10 12:29:55] [AI 去字幕] 已提交 1 个任务，等待处理...
[05-10 12:29:55] [AI 去字幕] 进度: 0/1 完成, 1 处理中
[05-10 12:30:01] [AI 去字幕] 进度: 0/1 完成, 1 处理中
[05-10 12:30:09] [AI 去字幕] 进度: 0/1 完成, 1 处理中
[05-10 12:30:20] [AI 去字幕] 进度: 0/1 完成, 1 处理中
[05-10 12:30:37] [AI 去字幕] 批量完成: 1/1 成功, 总耗时 42s
[05-10 12:30:39] [AI 去字幕] ✅ EP02_g1_04_03_v02.mp4 (task_id=517102773)
[05-10 13:11:55] [AI 去字幕] 已连接: 20.3.2.9 / 20260325_重生后我助老妈做商业女王 / 去字幕测试
[05-10 13:14:32] [AI 去字幕] 已连接: 20.3.2.9 / 20260325_重生后我助老妈做商业女王 / 去字幕测试
[05-10 13:14:34] [AI 去字幕] [无痕AI 2.1] 健康检查通过, 余额: 100238 积分
[05-10 13:14:35] [AI 去字幕] [无痕AI 2.1] 批量处理 1 个片段
[05-10 13:14:36] [AI 去字幕] [无痕AI 2.1] 上传到 OSS: EP50_g1_01_03_v01.mp4 (7.1MB) → input/8b42468d_0_EP50_g1_01_03_v01.mp4
[05-10 13:14:37] [AI 去字幕] [无痕AI 2.1] OSS 上传完成
[05-10 13:14:37] [AI 去字幕] [无痕AI 2.1] [1/1] sel_area 框选: 720x1280 → (0,640)-(720,1280)
[05-10 13:14:37] [AI 去字幕] [无痕AI 2.1] [1/1] 已提交: EP50_g1_01_03_v01.mp4 → task_mozbja55
[05-10 13:14:39] [AI 去字幕] [无痕AI 2.1] mozbja55: 排队中, 排队0
[05-10 13:14:39] [AI 去字幕] [无痕AI 2.1] 进度: 0/1 完成, 1 处理中
[05-10 13:14:44] [AI 去字幕] [无痕AI 2.1] 进度: 0/1 完成, 1 处理中
[05-10 13:14:52] [AI 去字幕] [无痕AI 2.1] 进度: 0/1 完成, 1 处理中
[05-10 13:15:04] [AI 去字幕] [无痕AI 2.1] 进度: 0/1 完成, 1 处理中
[05-10 13:15:21] [AI 去字幕] [无痕AI 2.1] 进度: 0/1 完成, 1 处理中
[05-10 13:15:47] [AI 去字幕] [无痕AI 2.1] 进度: 0/1 完成, 1 处理中
[05-10 13:16:17] [AI 去字幕] [无痕AI 2.1] 进度: 0/1 完成, 1 处理中
[05-10 13:16:47] [AI 去字幕] [无痕AI 2.1] 进度: 0/1 完成, 1 处理中
[05-10 13:17:18] [AI 去字幕] [无痕AI 2.1] 进度: 0/1 完成, 1 处理中
[05-10 13:17:48] [AI 去字幕] [无痕AI 2.1] 进度: 0/1 完成, 1 处理中
[05-10 13:18:19] [AI 去字幕] [无痕AI 2.1] 进度: 0/1 完成, 1 处理中
[05-10 13:18:49] [AI 去字幕] [无痕AI 2.1] 进度: 0/1 完成, 1 处理中
[05-10 13:19:20] [AI 去字幕] [无痕AI 2.1] 进度: 0/1 完成, 1 处理中
[05-10 13:19:50] [AI 去字幕] [无痕AI 2.1] 进度: 0/1 完成, 1 处理中
[05-10 13:20:20] [AI 去字幕] [无痕AI 2.1] 进度: 0/1 完成, 1 处理中
[05-10 13:20:51] [AI 去字幕] [无痕AI 2.1] 进度: 0/1 完成, 1 处理中
[05-10 13:21:21] [AI 去字幕] [无痕AI 2.1] 进度: 0/1 完成, 1 处理中
[05-10 13:21:52] [AI 去字幕] [无痕AI 2.1] 进度: 0/1 完成, 1 处理中
[05-10 13:22:22] [AI 去字幕] [无痕AI 2.1] 进度: 0/1 完成, 1 处理中
[05-10 13:22:52] [AI 去字幕] [无痕AI 2.1] 进度: 0/1 完成, 1 处理中
[05-10 13:23:23] [AI 去字幕] [无痕AI 2.1] 进度: 0/1 完成, 1 处理中
[05-10 13:23:53] [AI 去字幕] [无痕AI 2.1] 进度: 0/1 完成, 1 处理中
[05-10 13:24:24] [AI 去字幕] [无痕AI 2.1] 进度: 0/1 完成, 1 处理中
[05-10 13:24:55] [AI 去字幕] [无痕AI 2.1] 任务已取消: task_mozbja55
[05-10 13:24:55] [AI 去字幕] [无痕AI 2.1] 批量完成: 0/1 成功, 总耗时 618s
[05-10 13:24:56] [AI 去字幕] ❌ EP50_g1_01_03_v01.mp4: 任务超时 (600秒)
[05-10 13:36:03] [AI 去字幕] 已连接: 20.3.2.9 / 20260325_重生后我助老妈做商业女王 / 去字幕测试
[05-10 13:36:07] [AI 去字幕] [无痕AI 2.1] 健康检查通过, 余额: 100238 积分
[05-10 13:36:07] [AI 去字幕] [无痕AI 2.1] 批量处理 1 个片段
[05-10 13:36:08] [AI 去字幕] [无痕AI 2.1] OSS 已存在，跳过上传: EP50_g1_01_03_v01.mp4
[05-10 13:36:08] [AI 去字幕] [无痕AI 2.1] [1/1] sel_area 框选: 720x1280 → (0,640)-(720,1280)
[05-10 13:36:09] [AI 去字幕] [无痕AI 2.1] [1/1] 已提交: EP50_g1_01_03_v01.mp4 → task_mozcayjj
[05-10 13:36:10] [AI 去字幕] [无痕AI 2.1] mozcayjj: 排队中, 排队0
[05-10 13:36:10] [AI 去字幕] [无痕AI 2.1] 进度: 0/1 完成, 1 处理中
[05-10 13:36:15] [AI 去字幕] [无痕AI 2.1] 进度: 0/1 完成, 1 处理中
[05-10 13:36:23] [AI 去字幕] [无痕AI 2.1] 进度: 0/1 完成, 1 处理中
[05-10 13:36:35] [AI 去字幕] [无痕AI 2.1] 进度: 0/1 完成, 1 处理中
[05-10 13:36:52] [AI 去字幕] [无痕AI 2.1] 进度: 0/1 完成, 1 处理中
[05-10 13:37:18] [AI 去字幕] [无痕AI 2.1] 进度: 0/1 完成, 1 处理中
[05-10 13:37:48] [AI 去字幕] [无痕AI 2.1] 进度: 0/1 完成, 1 处理中
[05-10 13:38:19] [AI 去字幕] [无痕AI 2.1] 进度: 0/1 完成, 1 处理中
[05-10 13:38:49] [AI 去字幕] [无痕AI 2.1] 进度: 0/1 完成, 1 处理中
[05-10 13:39:20] [AI 去字幕] [无痕AI 2.1] 进度: 0/1 完成, 1 处理中
[05-10 13:39:50] [AI 去字幕] [无痕AI 2.1] 进度: 0/1 完成, 1 处理中
[05-10 13:40:21] [AI 去字幕] [无痕AI 2.1] 进度: 0/1 完成, 1 处理中
[05-10 13:40:51] [AI 去字幕] [无痕AI 2.1] 进度: 0/1 完成, 1 处理中
[05-10 13:41:21] [AI 去字幕] [无痕AI 2.1] 进度: 0/1 完成, 1 处理中
[05-10 13:41:52] [AI 去字幕] [无痕AI 2.1] 进度: 0/1 完成, 1 处理中
[05-10 13:42:22] [AI 去字幕] [无痕AI 2.1] 进度: 0/1 完成, 1 处理中
[05-10 13:42:53] [AI 去字幕] [无痕AI 2.1] 进度: 0/1 完成, 1 处理中
[05-10 13:43:23] [AI 去字幕] [无痕AI 2.1] 进度: 0/1 完成, 1 处理中
[05-10 13:43:54] [AI 去字幕] [无痕AI 2.1] 进度: 0/1 完成, 1 处理中
[05-10 13:44:24] [AI 去字幕] [无痕AI 2.1] 进度: 0/1 完成, 1 处理中
[05-10 13:44:55] [AI 去字幕] [无痕AI 2.1] 进度: 0/1 完成, 1 处理中
[05-10 13:45:25] [AI 去字幕] [无痕AI 2.1] 进度: 0/1 完成, 1 处理中
[05-10 13:45:55] [AI 去字幕] [无痕AI 2.1] 进度: 0/1 完成, 1 处理中
[05-10 13:46:27] [AI 去字幕] [无痕AI 2.1] 任务已取消: task_mozcayjj
[05-10 13:46:27] [AI 去字幕] [无痕AI 2.1] 批量完成: 0/1 成功, 总耗时 619s
[05-10 13:46:29] [AI 去字幕] ❌ EP50_g1_01_03_v01.mp4: 任务超时 (600秒)
[05-10 13:55:15] [AI 去字幕] 已连接: 20.3.2.9 / 20260325_重生后我助老妈做商业女王 / 去字幕测试
[05-10 13:55:18] [AI 去字幕] [无痕AI 2.1] 健康检查通过, 余额: 100238 积分
[05-10 13:55:19] [AI 去字幕] [无痕AI 2.1] 批量处理 1 个片段
[05-10 13:55:20] [AI 去字幕] [无痕AI 2.1] 上传到 OSS: EP50_g1_01_03_v01.mp4 (7.1MB) → input/192cc165_0_EP50_g1_01_03_v01.mp4
[05-10 13:55:21] [AI 去字幕] [无痕AI 2.1] OSS 上传完成
[05-10 13:55:21] [AI 去字幕] [无痕AI 2.1] [1/1] sel_area 框选: 720x1280 → (0,640)-(720,1280)
[05-10 13:55:21] [AI 去字幕] [无痕AI 2.1] [1/1] 已提交: EP50_g1_01_03_v01.mp4 → task_mozcznym
[05-10 13:55:22] [AI 去字幕] [无痕AI 2.1] mozcznym: 排队中, 排队0
[05-10 13:55:22] [AI 去字幕] [无痕AI 2.1] 进度: 0/1 完成, 1 处理中
[05-10 13:55:27] [AI 去字幕] [无痕AI 2.1] 进度: 0/1 完成, 1 处理中
[05-10 13:55:35] [AI 去字幕] [无痕AI 2.1] 进度: 0/1 完成, 1 处理中
[05-10 13:55:46] [AI 去字幕] [无痕AI 2.1] 进度: 0/1 完成, 1 处理中
[05-10 13:56:04] [AI 去字幕] [无痕AI 2.1] 进度: 0/1 完成, 1 处理中
[05-10 13:56:29] [AI 去字幕] [无痕AI 2.1] 进度: 0/1 完成, 1 处理中
[05-10 13:57:00] [AI 去字幕] [无痕AI 2.1] 进度: 0/1 完成, 1 处理中
[05-10 13:57:30] [AI 去字幕] [无痕AI 2.1] 进度: 0/1 完成, 1 处理中
[05-10 13:58:01] [AI 去字幕] [无痕AI 2.1] 进度: 0/1 完成, 1 处理中
[05-10 13:58:31] [AI 去字幕] [无痕AI 2.1] 进度: 0/1 完成, 1 处理中
[05-10 13:59:02] [AI 去字幕] [无痕AI 2.1] 进度: 0/1 完成, 1 处理中
[05-10 13:59:32] [AI 去字幕] [无痕AI 2.1] 进度: 0/1 完成, 1 处理中
[05-10 14:00:03] [AI 去字幕] [无痕AI 2.1] 进度: 0/1 完成, 1 处理中
[05-10 14:00:33] [AI 去字幕] [无痕AI 2.1] 进度: 0/1 完成, 1 处理中
[05-10 14:01:03] [AI 去字幕] [无痕AI 2.1] 进度: 0/1 完成, 1 处理中
[05-10 14:01:34] [AI 去字幕] [无痕AI 2.1] 进度: 0/1 完成, 1 处理中
[05-10 14:02:04] [AI 去字幕] [无痕AI 2.1] 进度: 0/1 完成, 1 处理中
[05-10 14:02:35] [AI 去字幕] [无痕AI 2.1] 进度: 0/1 完成, 1 处理中
[05-10 14:03:05] [AI 去字幕] [无痕AI 2.1] 进度: 0/1 完成, 1 处理中
[05-10 14:03:35] [AI 去字幕] [无痕AI 2.1] 进度: 0/1 完成, 1 处理中
[05-10 14:04:06] [AI 去字幕] [无痕AI 2.1] 进度: 0/1 完成, 1 处理中
[05-10 14:04:36] [AI 去字幕] [无痕AI 2.1] 进度: 0/1 完成, 1 处理中
[05-10 14:05:07] [AI 去字幕] [无痕AI 2.1] 进度: 0/1 完成, 1 处理中
[05-10 14:05:37] [AI 去字幕] [无痕AI 2.1] 任务已取消: task_mozcznym
[05-10 14:05:37] [AI 去字幕] [无痕AI 2.1] 批量完成: 0/1 成功, 总耗时 616s
[05-10 14:05:38] [AI 去字幕] ❌ EP50_g1_01_03_v01.mp4: 任务超时 (600秒)
[05-10 14:20:41] [AI 去字幕] 已连接: 20.3.2.9 / 20260325_重生后我助老妈做商业女王 / 去字幕测试
[05-10 14:20:46] [AI 去字幕] [无痕AI 2.1] 健康检查通过, 余额: 100238 积分
[05-10 14:20:47] [AI 去字幕] [无痕AI 2.1] 批量处理 1 个片段
[05-10 14:20:48] [AI 去字幕] [无痕AI 2.1] OSS 已存在，跳过上传: EP50_g1_01_03_v01.mp4
[05-10 14:20:48] [AI 去字幕] [无痕AI 2.1] [1/1] sel_area 框选: 720x1280 → (0,640)-(720,1280)
[05-10 14:20:48] [AI 去字幕] [无痕AI 2.1] [1/1] 已提交: EP50_g1_01_03_v01.mp4 → task_mozdwe96
[05-10 14:20:50] [AI 去字幕] [无痕AI 2.1] mozdwe96: 排队中, 排队0
[05-10 14:20:50] [AI 去字幕] [无痕AI 2.1] 进度: 0/1 完成, 1 处理中
[05-10 14:20:55] [AI 去字幕] [无痕AI 2.1] 进度: 0/1 完成, 1 处理中
[05-10 14:21:03] [AI 去字幕] [无痕AI 2.1] 进度: 0/1 完成, 1 处理中
[05-10 14:21:15] [AI 去字幕] [无痕AI 2.1] 进度: 0/1 完成, 1 处理中
[05-10 14:21:32] [AI 去字幕] [无痕AI 2.1] 进度: 0/1 完成, 1 处理中
[05-10 14:21:58] [AI 去字幕] [无痕AI 2.1] 进度: 0/1 完成, 1 处理中
[05-10 14:22:28] [AI 去字幕] [无痕AI 2.1] 进度: 0/1 完成, 1 处理中
[05-10 14:22:58] [AI 去字幕] [无痕AI 2.1] 进度: 0/1 完成, 1 处理中
[05-10 14:23:29] [AI 去字幕] [无痕AI 2.1] 进度: 0/1 完成, 1 处理中
[05-10 14:23:59] [AI 去字幕] [无痕AI 2.1] 进度: 0/1 完成, 1 处理中
[05-10 14:24:30] [AI 去字幕] [无痕AI 2.1] 进度: 0/1 完成, 1 处理中
[05-10 14:25:01] [AI 去字幕] [无痕AI 2.1] 进度: 0/1 完成, 1 处理中
[05-10 14:25:31] [AI 去字幕] [无痕AI 2.1] 进度: 0/1 完成, 1 处理中
[05-10 14:26:02] [AI 去字幕] [无痕AI 2.1] 进度: 0/1 完成, 1 处理中
[05-10 14:26:32] [AI 去字幕] [无痕AI 2.1] 进度: 0/1 完成, 1 处理中
[05-10 14:27:03] [AI 去字幕] [无痕AI 2.1] 进度: 0/1 完成, 1 处理中
[05-10 14:27:33] [AI 去字幕] [无痕AI 2.1] 进度: 0/1 完成, 1 处理中
[05-10 14:28:03] [AI 去字幕] [无痕AI 2.1] 进度: 0/1 完成, 1 处理中
[05-10 14:28:34] [AI 去字幕] [无痕AI 2.1] 进度: 0/1 完成, 1 处理中
[05-10 14:29:04] [AI 去字幕] [无痕AI 2.1] 进度: 0/1 完成, 1 处理中
[05-10 14:29:35] [AI 去字幕] [无痕AI 2.1] 进度: 0/1 完成, 1 处理中
[05-10 14:30:05] [AI 去字幕] [无痕AI 2.1] 进度: 0/1 完成, 1 处理中
[05-10 14:30:35] [AI 去字幕] [无痕AI 2.1] 进度: 0/1 完成, 1 处理中
[05-10 14:31:07] [AI 去字幕] [无痕AI 2.1] 任务已取消: task_mozdwe96
[05-10 14:31:07] [AI 去字幕] [无痕AI 2.1] 批量完成: 0/1 成功, 总耗时 619s
[05-10 14:31:08] [AI 去字幕] ❌ EP50_g1_01_03_v01.mp4: 任务超时 (600秒)
[05-10 14:33:16] [AI 去字幕] 已连接: 20.3.2.9 / 20260325_重生后我助老妈做商业女王 / 去字幕测试
[05-10 14:33:20] [AI 去字幕] 批量处理 1 个片段
[05-10 14:33:20] [AI 去字幕] [1/1] 上传: EP50_g1_01_03_v01.mp4
[05-10 14:33:22] [AI 去字幕] 上传完成
[05-10 14:33:22] [AI 去字幕] 已提交 1 个任务，等待处理...
[05-10 14:33:22] [AI 去字幕] 进度: 0/1 完成, 1 处理中
[05-10 14:33:30] [AI 去字幕] 进度: 0/1 完成, 1 处理中
[05-10 14:33:38] [AI 去字幕] 进度: 0/1 完成, 1 处理中
[05-10 14:33:50] [AI 去字幕] 进度: 0/1 完成, 1 处理中
[05-10 14:34:07] [AI 去字幕] 批量完成: 1/1 成功, 总耗时 45s
[05-10 14:34:08] [AI 去字幕] ✅ EP50_g1_01_03_v01.mp4 (task_id=517105518)
[05-10 15:06:39] [AI 去字幕] 已连接: 20.3.2.9 / 20260325_重生后我助老妈做商业女王 / 去字幕测试
[05-10 15:06:47] [AI 去字幕] [无痕AI 2.1] 健康检查通过, 余额: 100206 积分
[05-10 15:06:48] [AI 去字幕] [无痕AI 2.1] 批量处理 1 个片段
[05-10 15:06:48] [AI 去字幕] [无痕AI 2.1] 上传到 OSS: EP53_g1_01_03_v01.mp4 (5.8MB) → input/5dd91c6f_0_EP53_g1_01_03_v01.mp4
[05-10 15:06:49] [AI 去字幕] [无痕AI 2.1] OSS 上传完成
[05-10 15:06:49] [AI 去字幕] [无痕AI 2.1] [1/1] sel_area 框选: 720x1280 → (0,640)-(720,1280)
[05-10 15:06:50] [AI 去字幕] [无痕AI 2.1] [1/1] 已提交: EP53_g1_01_03_v01.mp4 → task_mozfjl1n
[05-10 15:06:50] [AI 去字幕] [无痕AI 2.1] mozfjl1n: 排队中, 排队0
[05-10 15:06:50] [AI 去字幕] [无痕AI 2.1] 进度: 0/1 完成, 1 处理中
[05-10 15:06:56] [AI 去字幕] [无痕AI 2.1] 进度: 0/1 完成, 1 处理中
[05-10 15:07:03] [AI 去字幕] [无痕AI 2.1] mozfjl1n: 处理中, 0%
[05-10 15:07:03] [AI 去字幕] [无痕AI 2.1] 进度: 0/1 完成, 1 处理中
[05-10 15:07:15] [AI 去字幕] [无痕AI 2.1] 进度: 0/1 完成, 1 处理中
[05-10 15:07:32] [AI 去字幕] [无痕AI 2.1] 批量完成: 1/1 成功, 总耗时 43s
[05-10 15:07:34] [AI 去字幕] ✅ EP53_g1_01_03_v01.mp4 (task_id=task_mozfjl1n)
